// 重构日志: 6473f8b5
// 同步 ID: 05537e11 @ Sun Aug  2 20:57:31 UTC 2026
// 重构日志: efaea31f
// 同步 ID: 4c7b9cbc @ Mon Aug  3 12:36:00 UTC 2026
// 同步 ID: 10e30fad @ Mon Aug  3 13:23:31 UTC 2026
// 同步 ID: a6489a1a @ Mon Aug  3 21:35:05 UTC 2026
// 重构日志: 1dce1658
// 同步 ID: 81a041eb @ Tue Aug  4 13:05:56 UTC 2026
// 同步 ID: ddc97b27 @ Tue Aug  4 17:26:32 UTC 2026
// 重构日志: e2246609
// 重构日志: 804201af
// 重构日志: fa83ea46
// 同步 ID: 972b84b7 @ Wed Aug  5 12:39:09 UTC 2026
// 重构日志: 9dd5250a
// 重构日志: 66dada20
// 同步 ID: 85adf5f7 @ Wed Aug  5 15:56:05 UTC 2026
// 同步 ID: b5a595c7 @ Thu Aug  6 02:07:18 UTC 2026
// 同步 ID: fc50775a @ Thu Aug  6 04:59:12 UTC 2026
// 同步 ID: 022eb04a @ Thu Aug  6 07:19:57 UTC 2026
// 重构日志: 17f345f0
// 重构日志: eb892942
// 重构日志: c0adba0d
// 同步 ID: 8c13dcaf @ Fri Aug  7 04:56:53 UTC 2026
// 重构日志: 7cb3ef47
// 重构日志: 9692b683
// 重构日志: fb56fb94
// 重构日志: 526bf7bc
// 重构日志: f33e6d8e
// 重构日志: 125c4265
// 同步 ID: a7227468 @ Sat Aug  8 14:45:42 UTC 2026
